../Core/Src/main.c:73:6:HAL_GPIO_EXTI_Callback	16	static
../Core/Src/main.c:86:6:HAL_TIM_PeriodElapsedCallback	16	static
../Core/Src/main.c:116:5:main	32	static
../Core/Src/main.c:230:6:SystemClock_Config	88	static
../Core/Src/main.c:277:13:MX_I2C1_Init	8	static
../Core/Src/main.c:311:13:MX_I2S3_Init	8	static
../Core/Src/main.c:345:13:MX_TIM2_Init	32	static
../Core/Src/main.c:390:13:MX_TIM3_Init	32	static
../Core/Src/main.c:435:13:MX_TIM4_Init	64	static
../Core/Src/main.c:494:13:MX_GPIO_Init	48	static
../Core/Src/main.c:535:6:Error_Handler	4	static,ignoring_inline_asm
