../Core/Src/main.c:87:6:sensor_distancia	24	static
../Core/Src/main.c:140:6:microfono	25248	static
../Core/Src/main.c:192:6:ldr	8	static
../Core/Src/main.c:210:5:main	8	static
../Core/Src/main.c:271:6:SystemClock_Config	88	static
../Core/Src/main.c:317:13:MX_ADC1_Init	24	static
../Core/Src/main.c:369:13:MX_I2C1_Init	8	static
../Core/Src/main.c:403:13:MX_I2S2_Init	8	static
../Core/Src/main.c:437:13:MX_TIM1_Init	32	static
../Core/Src/main.c:483:13:MX_GPIO_Init	48	static
../Core/Src/main.c:530:6:Error_Handler	4	static,ignoring_inline_asm
