../Core/Src/main.c:90:6:HAL_TIM_PeriodElapsedCallback	16	static
../Core/Src/main.c:100:6:sensor_distancia	24	static
../Core/Src/main.c:165:6:microfono	25248	static
../Core/Src/main.c:217:6:ldr	8	static
../Core/Src/main.c:235:5:main	8	static
../Core/Src/main.c:316:6:SystemClock_Config	88	static
../Core/Src/main.c:362:13:MX_ADC1_Init	24	static
../Core/Src/main.c:414:13:MX_I2C1_Init	8	static
../Core/Src/main.c:448:13:MX_I2S2_Init	8	static
../Core/Src/main.c:482:13:MX_TIM1_Init	32	static
../Core/Src/main.c:528:13:MX_TIM3_Init	32	static
../Core/Src/main.c:573:13:MX_GPIO_Init	48	static
../Core/Src/main.c:627:6:Error_Handler	4	static,ignoring_inline_asm
